# Домашнее задание к занятию "3.5. Файловые системы"

1. Узнайте о [sparse](https://ru.wikipedia.org/wiki/%D0%A0%D0%B0%D0%B7%D1%80%D0%B5%D0%B6%D1%91%D0%BD%D0%BD%D1%8B%D0%B9_%D1%84%D0%B0%D0%B9%D0%BB) (разряженных) файлах.

    ---

    * Разряженные файлы, **sparse**, это файлы, в которых логически размещено большое количество нулевых байт, но физически нулевые байты не хранятся. То есть длинные последовательности нулевых байт заменяются информацией об этих последовательностях (так называемые "дыры"). Информация о "дырах" содержится в метаданных к файлу.

    * Разряженные файлы позволяют экономить свободное пространство на носителе информации. Часто применяются для образов носителей виртуальных машин, файлов резервных копий и программами дозакачки файлов из сети.

    * При работе с разряженными файлами необходимо учитывать их нюансы. При копировании необходимо не забывать о метаданных файла (копировать со специальными ключами). Нельзя записать данные в "дыру" если свободное пространство на носителе закончилось.

    ---

1. Могут ли файлы, являющиеся жесткой ссылкой на один объект, иметь разные права доступа и владельца? Почему?

    ---

    * Файлы, являющиеся жесткой ссылкой на один объект, будут обладать одними правами доступа и иметь одного владельца. Права доступа и владелец назначаются объекту данных, а не файлу.

    ---

1. Сделайте `vagrant destroy` на имеющийся инстанс Ubuntu. Замените содержимое Vagrantfile следующим:

    ```bash
    Vagrant.configure("2") do |config|
      config.vm.box = "bento/ubuntu-20.04"
      config.vm.provider :virtualbox do |vb|
        lvm_experiments_disk0_path = "/tmp/lvm_experiments_disk0.vmdk"
        lvm_experiments_disk1_path = "/tmp/lvm_experiments_disk1.vmdk"
        vb.customize ['createmedium', '--filename', lvm_experiments_disk0_path, '--size', 2560]
        vb.customize ['createmedium', '--filename', lvm_experiments_disk1_path, '--size', 2560]
        vb.customize ['storageattach', :id, '--storagectl', 'SATA Controller', '--port', 1, '--device', 0, '--type', 'hdd', '--medium', lvm_experiments_disk0_path]
        vb.customize ['storageattach', :id, '--storagectl', 'SATA Controller', '--port', 2, '--device', 0, '--type', 'hdd', '--medium', lvm_experiments_disk1_path]
      end
    end
    ```

    Данная конфигурация создаст новую виртуальную машину с двумя дополнительными неразмеченными дисками по 2.5 Гб.

    ---

    * Скорректировал конфигурационный файл [Vagrantfile](Vagrantfile).

        ```bash
        vagrant@vagrant:~$ lsblk
        NAME                      MAJ:MIN RM  SIZE RO TYPE MOUNTPOINT
        loop0                       7:0    0 55.4M  1 loop /snap/core18/2128
        loop1                       7:1    0 70.3M  1 loop /snap/lxd/21029
        loop3                       7:3    0 43.6M  1 loop /snap/snapd/14978
        loop4                       7:4    0 61.9M  1 loop /snap/core20/1328
        loop5                       7:5    0 55.5M  1 loop /snap/core18/2284
        loop6                       7:6    0 67.2M  1 loop /snap/lxd/21835
        sda                         8:0    0   64G  0 disk 
        ├─sda1                      8:1    0    1M  0 part 
        ├─sda2                      8:2    0    1G  0 part /boot
        └─sda3                      8:3    0   63G  0 part 
          └─ubuntu--vg-ubuntu--lv 253:0    0 31.5G  0 lvm  /
        sdb                         8:16   0  2.5G  0 disk 
        sdc                         8:32   0  2.5G  0 disk 
        ```

    ---

1. Используя `fdisk`, разбейте первый диск на 2 раздела: 2 Гб, оставшееся пространство.

    ```bash
    Disk /dev/sdb: 2.51 GiB, 2684354560 bytes, 5242880 sectors
    Disk model: VBOX HARDDISK   
    Units: sectors of 1 * 512 = 512 bytes
    Sector size (logical/physical): 512 bytes / 512 bytes
    I/O size (minimum/optimal): 512 bytes / 512 bytes
    Disklabel type: dos
    Disk identifier: 0xd60598d8

    Device     Boot   Start     End Sectors  Size Id Type
    /dev/sdb1          2048 4196351 4194304    2G 83 Linux
    /dev/sdb2       4196352 5242879 1046528  511M 83 Linux
    ```

1. Используя `sfdisk`, перенесите данную таблицу разделов на второй диск.

    ```bash
    vagrant@vagrant:~$ sudo sfdisk --dump /dev/sdb | sudo sfdisk /dev/sdc
    Checking that no-one is using this disk right now ... OK

    Disk /dev/sdc: 2.51 GiB, 2684354560 bytes, 5242880 sectors
    Disk model: VBOX HARDDISK   
    Units: sectors of 1 * 512 = 512 bytes
    Sector size (logical/physical): 512 bytes / 512 bytes
    I/O size (minimum/optimal): 512 bytes / 512 bytes

    >>> Script header accepted.
    >>> Script header accepted.
    >>> Script header accepted.
    >>> Script header accepted.
    >>> Created a new DOS disklabel with disk identifier 0xd60598d8.
    /dev/sdc1: Created a new partition 1 of type 'Linux' and of size 2 GiB.
    /dev/sdc2: Created a new partition 2 of type 'Linux' and of size 511 MiB.
    /dev/sdc3: Done.

    New situation:
    Disklabel type: dos
    Disk identifier: 0xd60598d8

    Device     Boot   Start     End Sectors  Size Id Type
    /dev/sdc1          2048 4196351 4194304    2G 83 Linux
    /dev/sdc2       4196352 5242879 1046528  511M 83 Linux

    The partition table has been altered.
    Calling ioctl() to re-read partition table.
    Syncing disks.
    ```

    ```bash
    vagrant@vagrant:~$ lsblk
    NAME                      MAJ:MIN RM  SIZE RO TYPE MOUNTPOINT
    loop0                       7:0    0 55.4M  1 loop /snap/core18/2128
    loop1                       7:1    0 70.3M  1 loop /snap/lxd/21029
    loop3                       7:3    0 43.6M  1 loop /snap/snapd/14978
    loop4                       7:4    0 61.9M  1 loop /snap/core20/1328
    loop5                       7:5    0 55.5M  1 loop /snap/core18/2284
    loop6                       7:6    0 67.2M  1 loop /snap/lxd/21835
    sda                         8:0    0   64G  0 disk 
    ├─sda1                      8:1    0    1M  0 part 
    ├─sda2                      8:2    0    1G  0 part /boot
    └─sda3                      8:3    0   63G  0 part 
      └─ubuntu--vg-ubuntu--lv 253:0    0 31.5G  0 lvm  /
    sdb                         8:16   0  2.5G  0 disk 
    ├─sdb1                      8:17   0    2G  0 part 
    └─sdb2                      8:18   0  511M  0 part 
    sdc                         8:32   0  2.5G  0 disk 
    ├─sdc1                      8:33   0    2G  0 part 
    └─sdc2                      8:34   0  511M  0 part 
    ```

1. Соберите `mdadm` RAID1 на паре разделов 2 Гб.

    ```bash
    vagrant@vagrant:~$ sudo mdadm --create --verbose /dev/md0 --level=1 --raid-devices=2 /dev/sdb1 /dev/sdc1
    mdadm: Note: this array has metadata at the start and
        may not be suitable as a boot device.  If you plan to
        store '/boot' on this device please ensure that
        your boot-loader understands md/v1.x metadata, or use
        --metadata=0.90
    mdadm: size set to 2094080K
    Continue creating array? y
    mdadm: Defaulting to version 1.2 metadata
    mdadm: array /dev/md0 started.
    ```

1. Соберите `mdadm` RAID0 на второй паре маленьких разделов.

    ```bash
    vagrant@vagrant:~$ sudo mdadm --create --verbose /dev/md1 --level=0 --raid-devices=2 /dev/sdb2 /dev/sdc2
    mdadm: chunk size defaults to 512K
    mdadm: Defaulting to version 1.2 metadata
    mdadm: array /dev/md1 started.
    ```

1. Создайте 2 независимых PV на получившихся md-устройствах.

    ```bash
    vagrant@vagrant:~$ sudo pvcreate /dev/md0
    Physical volume "/dev/md0" successfully created.
    vagrant@vagrant:~$ sudo pvcreate /dev/md1
    Physical volume "/dev/md1" successfully created.
    vagrant@vagrant:~$ sudo pvdisplay
    --- Physical volume ---
    PV Name               /dev/sda3
    VG Name               ubuntu-vg
    PV Size               <63.00 GiB / not usable 0   
    Allocatable           yes 
    PE Size               4.00 MiB
    Total PE              16127
    Free PE               8063
    Allocated PE          8064
    PV UUID               sDUvKe-EtCc-gKuY-ZXTD-1B1d-eh9Q-XldxLf
    
    "/dev/md0" is a new physical volume of "<2.00 GiB"
    --- NEW Physical volume ---
    PV Name               /dev/md0
    VG Name               
    PV Size               <2.00 GiB
    Allocatable           NO
    PE Size               0   
    Total PE              0
    Free PE               0
    Allocated PE          0
    PV UUID               4wHmXv-zN0n-Nyde-Ermh-gX2x-pDem-KBoTQ8
    
    "/dev/md1" is a new physical volume of "1018.00 MiB"
    --- NEW Physical volume ---
    PV Name               /dev/md1
    VG Name               
    PV Size               1018.00 MiB
    Allocatable           NO
    PE Size               0   
    Total PE              0
    Free PE               0
    Allocated PE          0
    PV UUID               dKtulp-ixrg-Xtik-O9dc-9uhY-S0XU-ganigL
    ```

1. Создайте общую volume-group на этих двух PV.

    ```bash
    vagrant@vagrant:~$ sudo vgcreate raidvg /dev/md0 /dev/md1
    Volume group "raidvg" successfully created
    vagrant@vagrant:~$ sudo vgdisplay
    --- Volume group ---
    VG Name               ubuntu-vg
    System ID             
    Format                lvm2
    Metadata Areas        1
    Metadata Sequence No  2
    VG Access             read/write
    VG Status             resizable
    MAX LV                0
    Cur LV                1
    Open LV               1
    Max PV                0
    Cur PV                1
    Act PV                1
    VG Size               <63.00 GiB
    PE Size               4.00 MiB
    Total PE              16127
    Alloc PE / Size       8064 / 31.50 GiB
    Free  PE / Size       8063 / <31.50 GiB
    VG UUID               aK7Bd1-JPle-i0h7-5jJa-M60v-WwMk-PFByJ7
    
    --- Volume group ---
    VG Name               raidvg
    System ID             
    Format                lvm2
    Metadata Areas        2
    Metadata Sequence No  1
    VG Access             read/write
    VG Status             resizable
    MAX LV                0
    Cur LV                0
    Open LV               0
    Max PV                0
    Cur PV                2
    Act PV                2
    VG Size               <2.99 GiB
    PE Size               4.00 MiB
    Total PE              765
    Alloc PE / Size       0 / 0   
    Free  PE / Size       765 / <2.99 GiB
    VG UUID               4L4drG-C3Hb-bj5U-M7xZ-Hz2P-Qfoj-ZsZXSt
    ```

1. Создайте LV размером 100 Мб, указав его расположение на PV с RAID0.

    ```bash
    vagrant@vagrant:~$ sudo lvcreate --size 100M raidvg /dev/md1
    Logical volume "lvol0" created.
    ```

1. Создайте `mkfs.ext4` ФС на получившемся LV.

    ```bash
    vagrant@vagrant:~$ sudo mkfs.ext4 /dev/raidvg/lvol0 
    mke2fs 1.45.5 (07-Jan-2020)
    Creating filesystem with 25600 4k blocks and 25600 inodes

    Allocating group tables: done                            
    Writing inode tables: done                            
    Creating journal (1024 blocks): done
    Writing superblocks and filesystem accounting information: done
    ```

1. Смонтируйте этот раздел в любую директорию, например, `/tmp/new`.

    ```bash
    vagrant@vagrant:~$ mkdir /tmp/new
    vagrant@vagrant:~$ sudo mount /dev/raidvg/lvol0 /tmp/new
    ```

1. Поместите туда тестовый файл, например `wget https://mirror.yandex.ru/ubuntu/ls-lR.gz -O /tmp/new/test.gz`.

    ```bash
    vagrant@vagrant:~$ sudo chown -R vagrant: /tmp/new
    vagrant@vagrant:~$ wget https://mirror.yandex.ru/ubuntu/ls-lR.gz -O /tmp/new/test.gz
    --2022-02-21 13:12:41--  https://mirror.yandex.ru/ubuntu/ls-lR.gz
    Resolving mirror.yandex.ru (mirror.yandex.ru)... 213.180.204.183, 2a02:6b8::183
    Connecting to mirror.yandex.ru (mirror.yandex.ru)|213.180.204.183|:443... connected.
    HTTP request sent, awaiting response... 200 OK
    Length: 22315112 (21M) [application/octet-stream]
    Saving to: ‘/tmp/new/test.gz’

    /tmp/new/test.gz                                100%[============================================>]  21.28M  2.17MB/s    in 8.7s    

    2022-02-21 13:12:50 (2.43 MB/s) - ‘/tmp/new/test.gz’ saved [22315112/22315112]
    ```

1. Прикрепите вывод `lsblk`.

    ```bash
    vagrant@vagrant:~$ lsblk
    NAME                      MAJ:MIN RM  SIZE RO TYPE  MOUNTPOINT
    loop1                       7:1    0 70.3M  1 loop  /snap/lxd/21029
    loop2                       7:2    0 55.4M  1 loop  /snap/core18/2128
    loop3                       7:3    0 43.6M  1 loop  /snap/snapd/14978
    loop4                       7:4    0 55.5M  1 loop  /snap/core18/2284
    loop5                       7:5    0 61.9M  1 loop  /snap/core20/1328
    loop6                       7:6    0 67.2M  1 loop  /snap/lxd/21835
    sda                         8:0    0   64G  0 disk  
    ├─sda1                      8:1    0    1M  0 part  
    ├─sda2                      8:2    0    1G  0 part  /boot
    └─sda3                      8:3    0   63G  0 part  
      └─ubuntu--vg-ubuntu--lv 253:0    0 31.5G  0 lvm   /
    sdb                         8:16   0  2.5G  0 disk  
    ├─sdb1                      8:17   0    2G  0 part  
    │ └─md0                     9:0    0    2G  0 raid1 
    └─sdb2                      8:18   0  511M  0 part  
      └─md1                     9:1    0 1018M  0 raid0 
        └─raidvg-lvol0        253:1    0  100M  0 lvm   /tmp/new
    sdc                         8:32   0  2.5G  0 disk  
    ├─sdc1                      8:33   0    2G  0 part  
    │ └─md0                     9:0    0    2G  0 raid1 
    └─sdc2                      8:34   0  511M  0 part  
      └─md1                     9:1    0 1018M  0 raid0 
        └─raidvg-lvol0        253:1    0  100M  0 lvm   /tmp/new
    ```

1. Протестируйте целостность файла:

    ```bash
    root@vagrant:~# gzip -t /tmp/new/test.gz
    root@vagrant:~# echo $?
    0
    ```

    ---

    * Целостность файла подтверждена:

        ```bash
        vagrant@vagrant:~$ gzip -t /tmp/new/test.gz
        vagrant@vagrant:~$ echo $?
        0
        ```

    ---

1. Используя pvmove, переместите содержимое PV с RAID0 на RAID1.

    ```bash
    vagrant@vagrant:~$ sudo pvmove -n lvol0 /dev/md1 /dev/md0
    /dev/md1: Moved: 36.00%
    /dev/md1: Moved: 100.00%

    vagrant@vagrant:~$ lsblk
    NAME                      MAJ:MIN RM  SIZE RO TYPE  MOUNTPOINT
    loop1                       7:1    0 70.3M  1 loop  /snap/lxd/21029
    loop2                       7:2    0 55.4M  1 loop  /snap/core18/2128
    loop3                       7:3    0 43.6M  1 loop  /snap/snapd/14978
    loop4                       7:4    0 55.5M  1 loop  /snap/core18/2284
    loop5                       7:5    0 61.9M  1 loop  /snap/core20/1328
    loop6                       7:6    0 67.2M  1 loop  /snap/lxd/21835
    sda                         8:0    0   64G  0 disk  
    ├─sda1                      8:1    0    1M  0 part  
    ├─sda2                      8:2    0    1G  0 part  /boot
    └─sda3                      8:3    0   63G  0 part  
      └─ubuntu--vg-ubuntu--lv 253:0    0 31.5G  0 lvm   /
    sdb                         8:16   0  2.5G  0 disk  
    ├─sdb1                      8:17   0    2G  0 part  
    │ └─md0                     9:0    0    2G  0 raid1 
    │   └─raidvg-lvol0        253:1    0  100M  0 lvm   /tmp/new
    └─sdb2                      8:18   0  511M  0 part  
      └─md1                     9:1    0 1018M  0 raid0 
    sdc                         8:32   0  2.5G  0 disk  
    ├─sdc1                      8:33   0    2G  0 part  
    │ └─md0                     9:0    0    2G  0 raid1 
    │   └─raidvg-lvol0        253:1    0  100M  0 lvm   /tmp/new
    └─sdc2                      8:34   0  511M  0 part  
      └─md1                     9:1    0 1018M  0 raid0 
    ```

1. Сделайте `--fail` на устройство в вашем RAID1 md.

    ```bash
    vagrant@vagrant:~$ sudo mdadm --fail /dev/md0 /dev/sdc1
    mdadm: set /dev/sdc1 faulty in /dev/md0
    ```

1. Подтвердите выводом `dmesg`, что RAID1 работает в деградированном состоянии.

    ```bash
    vagrant@vagrant:~$ dmesg
    [    0.000000] Linux version 5.4.0-91-generic (buildd@lcy01-amd64-017) (gcc version 9.3.0 (Ubuntu 9.3.0-17ubuntu1~20.04)) #102-Ubuntu SMP Fri Nov 5 16:31:28 UTC 2021 (Ubuntu 5.4.0-91.102-generic 5.4.151)
    [ 1156.539466] md/raid1:md0: Disk failure on sdc1, disabling device.
                md/raid1:md0: Operation continuing on 1 devices.
    ```

1. Протестируйте целостность файла, несмотря на "сбойный" диск он должен продолжать быть доступен:

    ```bash
    root@vagrant:~# gzip -t /tmp/new/test.gz
    root@vagrant:~# echo $?
    0
    ```

    ---

    * Проверил целостность скаченного архива:

        ```bash
        vagrant@vagrant:~$ gzip -t /tmp/new/test.gz
        vagrant@vagrant:~$ echo $?
        0
        ```
    
    * Целостность не нарушена.

    ---

1. Погасите тестовый хост, `vagrant destroy`.

    * Виртуальная машина выключена и удалены её файлы.